fun comment() {
    let variable1: Int = 1;
    // trailing line comment

    // line comment
    let variable2: Int = 2;

    /**
   * multi comment
   */
    let variable3: Int = 3;
}