struct Point {
    x: Int as int64;
    y: Int as int64;
}

struct Line {
    start: Point;
    end: Point;
}

struct Params {
    name: String = "Satoshi";// default value
    age: Int?;// optional field
    point: Point;// nested Structs
}