contract HelloWorld {

    receive({})

    get fun greeting(): String {
        return "hello world";
    }
}