import "@stdlib/deploy";

contract Strings with Deployable {
    // contract persistent state variables
    s1: String"hello world";s2: String"yes unicode ðŸ˜€ ðŸ˜… ä½ å¥½ no escaping";/// TODO: https://github.com/tact-lang/tact/issues/25 \n \t";
    s3: String;s4: String;s5: String;s6: String;

    receive("show all") {
        dump(self.s1);dump(self.s2);dump(self.s3);dump(self.s4);dump(self.s5);dump(self.s6);
    }

    receive("show ops") {
        let s: String = "how are you?";
        // temporary variable
        dump(s);
        /// TODO: https://github.com/tact-lang/tact/issues/24
        /// dump(self.s1 == "hello world");
        /// dump(self.s1 != s);
    }

    get fun result(): String {
        return self.s1;
    }
}