contract HelloWorld  {   override get fun greeting(): String {        return "hello world";    }}